[2025-03-04 04:34:24,451] INFO Shutting down the log cleaner. (kafka.log.LogCleaner)
[2025-03-05 22:27:05,836] INFO Starting the log cleaner (kafka.log.LogCleaner)
[2025-03-05 22:27:12,245] INFO Shutting down the log cleaner. (kafka.log.LogCleaner)
[2025-03-05 22:35:23,244] INFO Starting the log cleaner (kafka.log.LogCleaner)
[2025-03-05 22:37:14,489] INFO Starting the log cleaner (kafka.log.LogCleaner)
[2025-03-05 22:37:20,777] INFO Shutting down the log cleaner. (kafka.log.LogCleaner)
[2025-03-05 22:59:43,760] INFO Starting the log cleaner (kafka.log.LogCleaner)
[2025-03-05 23:01:40,226] INFO Starting the log cleaner (kafka.log.LogCleaner)
[2025-03-05 23:01:46,243] INFO Shutting down the log cleaner. (kafka.log.LogCleaner)
[2025-03-05 23:09:58,499] INFO Starting the log cleaner (kafka.log.LogCleaner)
[2025-03-05 23:11:14,810] INFO Starting the log cleaner (kafka.log.LogCleaner)
[2025-03-05 23:11:21,196] INFO Shutting down the log cleaner. (kafka.log.LogCleaner)
[2025-03-05 23:13:08,517] INFO Starting the log cleaner (kafka.log.LogCleaner)
[2025-03-07 22:45:14,748] INFO Starting the log cleaner (kafka.log.LogCleaner)
[2025-03-07 22:45:21,140] INFO Shutting down the log cleaner. (kafka.log.LogCleaner)
[2025-03-07 22:47:37,751] INFO Starting the log cleaner (kafka.log.LogCleaner)
[2025-03-08 22:43:29,302] INFO Starting the log cleaner (kafka.log.LogCleaner)
[2025-03-24 01:53:45,349] INFO Starting the log cleaner (kafka.log.LogCleaner)
[2025-03-24 01:56:38,539] INFO Starting the log cleaner (kafka.log.LogCleaner)
[2025-03-24 01:57:45,119] INFO Starting the log cleaner (kafka.log.LogCleaner)
[2025-03-25 23:10:35,934] INFO Starting the log cleaner (kafka.log.LogCleaner)
[2025-03-25 23:20:36,858] INFO Shutting down the log cleaner. (kafka.log.LogCleaner)
[2025-03-25 23:23:27,410] INFO Starting the log cleaner (kafka.log.LogCleaner)
[2025-03-30 00:07:27,988] INFO Starting the log cleaner (kafka.log.LogCleaner)
[2025-04-04 18:55:57,517] INFO Starting the log cleaner (kafka.log.LogCleaner)
[2025-04-04 18:56:42,725] INFO Cleaner 0: Beginning cleaning of log __consumer_offsets-13 (kafka.log.LogCleaner)
[2025-04-04 18:56:42,726] INFO Cleaner 0: Building offset map for __consumer_offsets-13... (kafka.log.LogCleaner)
[2025-04-04 18:56:42,766] INFO Cleaner 0: Building offset map for log __consumer_offsets-13 for 1 segments in offset range [0, 19). (kafka.log.LogCleaner)
[2025-04-04 18:56:42,786] INFO Cleaner 0: Offset map for log __consumer_offsets-13 complete. (kafka.log.LogCleaner)
[2025-04-04 18:56:42,798] INFO Cleaner 0: Cleaning log __consumer_offsets-13 (cleaning prior to Sun Mar 30 02:56:08 CET 2025, discarding tombstones prior to upper bound deletion horizon Thu Jan 01 01:00:00 CET 1970)... (kafka.log.LogCleaner)
[2025-04-04 18:56:42,804] INFO Cleaner 0: Cleaning LogSegment(baseOffset=0, size=6202, lastModifiedTime=1743299768028, largestRecordTimestamp=1743299768028) in log __consumer_offsets-13 into 0 with an upper bound deletion horizon 0 computed from the segment last modified time of 1743299768028,retaining deletes. (kafka.log.LogCleaner)
[2025-04-04 18:56:42,851] INFO Cleaner 0: Swapping in cleaned segment LogSegment(baseOffset=0, size=496, lastModifiedTime=1743299768028, largestRecordTimestamp=1743299768028) for segment(s) List(LogSegment(baseOffset=0, size=6202, lastModifiedTime=1743299768028, largestRecordTimestamp=1743299768028)) in log Log(dir=C:\colabsphere\kafka\kafka_2.13-3.9.0\kafka-logs\__consumer_offsets-13, topicId=yVtNvhpQTZS9kaCM_OMWFA, topic=__consumer_offsets, partition=13, highWatermark=20, lastStableOffset=20, logStartOffset=0, logEndOffset=20) (kafka.log.LogCleaner)
[2025-04-04 18:56:42,891] INFO Cleaner 0: Beginning cleaning of log __consumer_offsets-13 (kafka.log.LogCleaner)
[2025-04-04 18:56:42,891] INFO Cleaner 0: Building offset map for __consumer_offsets-13... (kafka.log.LogCleaner)
[2025-04-04 19:27:12,372] INFO Starting the log cleaner (kafka.log.LogCleaner)
[2025-04-04 19:27:30,776] INFO Starting the log cleaner (kafka.log.LogCleaner)
[2025-04-04 19:28:20,610] INFO Starting the log cleaner (kafka.log.LogCleaner)
[2025-04-05 02:03:21,212] INFO Starting the log cleaner (kafka.log.LogCleaner)
[2025-04-05 15:17:48,252] INFO Starting the log cleaner (kafka.log.LogCleaner)
[2025-04-05 18:45:46,530] INFO Starting the log cleaner (kafka.log.LogCleaner)
[2025-04-06 02:27:04,538] INFO Starting the log cleaner (kafka.log.LogCleaner)
[2025-04-06 02:27:24,628] INFO Starting the log cleaner (kafka.log.LogCleaner)
[2025-04-07 21:15:15,369] INFO Starting the log cleaner (kafka.log.LogCleaner)
[2025-04-07 21:15:33,457] INFO Starting the log cleaner (kafka.log.LogCleaner)
[2025-04-07 21:16:17,226] INFO Starting the log cleaner (kafka.log.LogCleaner)
[2025-04-07 21:17:29,148] INFO Starting the log cleaner (kafka.log.LogCleaner)
[2025-04-09 23:31:41,228] INFO Starting the log cleaner (kafka.log.LogCleaner)
[2025-04-09 23:32:08,019] INFO Starting the log cleaner (kafka.log.LogCleaner)
[2025-04-09 23:32:55,974] INFO Starting the log cleaner (kafka.log.LogCleaner)
[2025-04-10 16:38:58,811] INFO Starting the log cleaner (kafka.log.LogCleaner)
[2025-04-11 08:23:59,944] INFO Starting the log cleaner (kafka.log.LogCleaner)
[2025-04-11 10:48:07,631] INFO Starting the log cleaner (kafka.log.LogCleaner)
[2025-04-11 10:48:30,097] INFO Starting the log cleaner (kafka.log.LogCleaner)
[2025-04-11 10:49:05,284] INFO Starting the log cleaner (kafka.log.LogCleaner)
[2025-04-11 11:53:00,436] INFO Shutting down the log cleaner. (kafka.log.LogCleaner)
