[2025-04-11 11:20:19,049] INFO Expiring session 0x100cf1023310000, timeout of 18000ms exceeded (org.apache.zookeeper.server.ZooKeeperServer)
[2025-04-11 11:20:19,099] WARN Attempting to send response via channel for which there is no open connection, connection id fe80:0:0:0:7d3a:11c0:4206:c0f%4:9092-fe80:0:0:0:7d3a:11c0:4206:c0f%4:61810-5 (kafka.network.Processor)
[2025-04-11 11:20:19,190] INFO [GroupCoordinator 0]: Member file-storage-service-33ce0c7b-d974-43c7-bef7-e7a9564ee5af in group file-storage-group has failed, removing it from the group (kafka.coordinator.group.GroupCoordinator)
[2025-04-11 11:20:19,214] INFO [GroupCoordinator 0]: Preparing to rebalance group file-storage-group in state PreparingRebalance with old generation 1 (__consumer_offsets-34) (reason: removing member file-storage-service-33ce0c7b-d974-43c7-bef7-e7a9564ee5af on heartbeat expiration) (kafka.coordinator.group.GroupCoordinator)
[2025-04-11 11:20:19,220] INFO [GroupCoordinator 0]: Group file-storage-group with generation 2 is now empty (__consumer_offsets-34) (kafka.coordinator.group.GroupCoordinator)
[2025-04-11 11:20:19,226] INFO [GroupCoordinator 0]: Member messaging-service-32635794-1451-4582-a5ce-b0259565638b in group user-data-consumers has failed, removing it from the group (kafka.coordinator.group.GroupCoordinator)
[2025-04-11 11:20:19,226] INFO [GroupCoordinator 0]: Preparing to rebalance group user-data-consumers in state PreparingRebalance with old generation 1 (__consumer_offsets-26) (reason: removing member messaging-service-32635794-1451-4582-a5ce-b0259565638b on heartbeat expiration) (kafka.coordinator.group.GroupCoordinator)
[2025-04-11 11:20:19,227] INFO [GroupCoordinator 0]: Group user-data-consumers with generation 2 is now empty (__consumer_offsets-26) (kafka.coordinator.group.GroupCoordinator)
[2025-04-11 11:20:19,231] INFO [GroupCoordinator 0]: Member messaging-service-dc529aff-947f-440e-bf6b-6d8013c8feba in group chatroom-creators has failed, removing it from the group (kafka.coordinator.group.GroupCoordinator)
[2025-04-11 11:20:19,234] INFO [GroupCoordinator 0]: Preparing to rebalance group chatroom-creators in state PreparingRebalance with old generation 1 (__consumer_offsets-21) (reason: removing member messaging-service-dc529aff-947f-440e-bf6b-6d8013c8feba on heartbeat expiration) (kafka.coordinator.group.GroupCoordinator)
[2025-04-11 11:20:19,236] INFO [GroupCoordinator 0]: Group chatroom-creators with generation 2 is now empty (__consumer_offsets-21) (kafka.coordinator.group.GroupCoordinator)
[2025-04-11 11:20:19,238] INFO [GroupCoordinator 0]: Member project-service-4fa383b1-7f2b-4526-8d9b-694a23b4e05f in group project-service-group has failed, removing it from the group (kafka.coordinator.group.GroupCoordinator)
[2025-04-11 11:20:19,240] INFO [GroupCoordinator 0]: Preparing to rebalance group project-service-group in state PreparingRebalance with old generation 1 (__consumer_offsets-27) (reason: removing member project-service-4fa383b1-7f2b-4526-8d9b-694a23b4e05f on heartbeat expiration) (kafka.coordinator.group.GroupCoordinator)
[2025-04-11 11:20:19,242] INFO [GroupCoordinator 0]: Group project-service-group with generation 2 is now empty (__consumer_offsets-27) (kafka.coordinator.group.GroupCoordinator)
[2025-04-11 11:20:19,245] INFO [GroupCoordinator 0]: Member user-service-38ccaec4-ad54-4c7a-8628-ae3229dbca29 in group user-service-group has failed, removing it from the group (kafka.coordinator.group.GroupCoordinator)
[2025-04-11 11:20:19,245] INFO [GroupCoordinator 0]: Preparing to rebalance group user-service-group in state PreparingRebalance with old generation 1 (__consumer_offsets-13) (reason: removing member user-service-38ccaec4-ad54-4c7a-8628-ae3229dbca29 on heartbeat expiration) (kafka.coordinator.group.GroupCoordinator)
[2025-04-11 11:20:19,246] INFO [GroupCoordinator 0]: Group user-service-group with generation 2 is now empty (__consumer_offsets-13) (kafka.coordinator.group.GroupCoordinator)
[2025-04-11 11:20:19,306] WARN Client session timed out, have not heard from server in 683667ms for session id 0x100cf1023310000 (org.apache.zookeeper.ClientCnxn)
[2025-04-11 11:20:19,326] WARN Session 0x100cf1023310000 for server localhost/127.0.0.1:2181, Closing socket connection. Attempting reconnect except it is a SessionExpiredException. (org.apache.zookeeper.ClientCnxn)
org.apache.zookeeper.ClientCnxn$SessionTimeoutException: Client session timed out, have not heard from server in 683667ms for session id 0x100cf1023310000
	at org.apache.zookeeper.ClientCnxn$SendThread.run(ClientCnxn.java:1257)
[2025-04-11 11:20:21,113] INFO Opening socket connection to server localhost/127.0.0.1:2181. (org.apache.zookeeper.ClientCnxn)
[2025-04-11 11:20:21,115] INFO Socket connection established, initiating session, client: /127.0.0.1:63630, server: localhost/127.0.0.1:2181 (org.apache.zookeeper.ClientCnxn)
[2025-04-11 11:20:21,131] INFO Invalid session 0x100cf1023310000 for client /127.0.0.1:63630, probably expired (org.apache.zookeeper.server.ZooKeeperServer)
[2025-04-11 11:20:21,132] WARN Unable to reconnect to ZooKeeper service, session 0x100cf1023310000 has expired (org.apache.zookeeper.ClientCnxn)
[2025-04-11 11:20:21,133] WARN Session 0x100cf1023310000 for server localhost/127.0.0.1:2181, Closing socket connection. Attempting reconnect except it is a SessionExpiredException. (org.apache.zookeeper.ClientCnxn)
org.apache.zookeeper.ClientCnxn$SessionExpiredException: Unable to reconnect to ZooKeeper service, session 0x100cf1023310000 has expired
	at org.apache.zookeeper.ClientCnxn$SendThread.onConnected(ClientCnxn.java:1439)
	at org.apache.zookeeper.ClientCnxnSocket.readConnectResult(ClientCnxnSocket.java:154)
	at org.apache.zookeeper.ClientCnxnSocketNIO.doIO(ClientCnxnSocketNIO.java:86)
	at org.apache.zookeeper.ClientCnxnSocketNIO.doTransport(ClientCnxnSocketNIO.java:350)
	at org.apache.zookeeper.ClientCnxn$SendThread.run(ClientCnxn.java:1289)
[2025-04-11 11:20:21,166] INFO EventThread shut down for session: 0x100cf1023310000 (org.apache.zookeeper.ClientCnxn)
[2025-04-11 11:20:21,176] INFO [ZooKeeperClient Kafka server] Session expired. (kafka.zookeeper.ZooKeeperClient)
[2025-04-11 11:20:21,188] INFO [ZooKeeperClient Kafka server] Initializing a new session to localhost:2181. (kafka.zookeeper.ZooKeeperClient)
[2025-04-11 11:20:21,188] INFO Initiating client connection, connectString=localhost:2181 sessionTimeout=18000 watcher=kafka.zookeeper.ZooKeeperClient$ZooKeeperClientWatcher$@4b7dc788 (org.apache.zookeeper.ZooKeeper)
[2025-04-11 11:20:21,202] INFO jute.maxbuffer value is 4194304 Bytes (org.apache.zookeeper.ClientCnxnSocket)
[2025-04-11 11:20:21,204] INFO zookeeper.request.timeout value is 0. feature enabled=false (org.apache.zookeeper.ClientCnxn)
[2025-04-11 11:20:21,207] INFO Opening socket connection to server localhost/127.0.0.1:2181. (org.apache.zookeeper.ClientCnxn)
[2025-04-11 11:20:21,210] INFO Socket connection established, initiating session, client: /127.0.0.1:63633, server: localhost/127.0.0.1:2181 (org.apache.zookeeper.ClientCnxn)
[2025-04-11 11:20:21,231] INFO Session establishment complete on server localhost/127.0.0.1:2181, session id = 0x100cf1023310001, negotiated timeout = 18000 (org.apache.zookeeper.ClientCnxn)
[2025-04-11 11:20:21,242] INFO Creating /brokers/ids/0 (is it secure? false) (kafka.zk.KafkaZkClient)
[2025-04-11 11:20:21,243] INFO [MetadataCache brokerId=0] Updated cache from existing Some(Features(metadataVersion=3.9-IV0, finalizedFeatures={}, finalizedFeaturesEpoch=0)) to latest Features(metadataVersion=3.9-IV0, finalizedFeatures={}, finalizedFeaturesEpoch=0). (kafka.server.metadata.ZkMetadataCache)
[2025-04-11 11:20:21,252] INFO Stat of the created znode at /brokers/ids/0 is: 220,220,1744366821247,1744366821247,1,0,0,72285262254768129,214,0,220
 (kafka.zk.KafkaZkClient)
[2025-04-11 11:20:21,253] INFO Registered broker 0 at path /brokers/ids/0 with addresses: PLAINTEXT://DESKTOP-8GKE7FT:9092, czxid (broker epoch): 220 (kafka.zk.KafkaZkClient)
[2025-04-11 11:20:24,322] INFO [GroupCoordinator 0]: Dynamic member with unknown member id joins group chatroom-creators in Empty state. Created a new member id messaging-service-d188bf24-fa41-41d2-b727-ce57f14b6876 and request the member to rejoin with this id. (kafka.coordinator.group.GroupCoordinator)
[2025-04-11 11:20:24,405] INFO [GroupCoordinator 0]: Dynamic member with unknown member id joins group user-service-group in Empty state. Created a new member id user-service-e7b557d6-a550-4e87-a39f-c7c3460b5ccf and request the member to rejoin with this id. (kafka.coordinator.group.GroupCoordinator)
[2025-04-11 11:20:24,411] INFO [GroupCoordinator 0]: Dynamic member with unknown member id joins group project-service-group in Empty state. Created a new member id project-service-b9751fbb-1aef-4f08-83fe-4dee1405d03c and request the member to rejoin with this id. (kafka.coordinator.group.GroupCoordinator)
[2025-04-11 11:20:24,420] INFO [GroupCoordinator 0]: Preparing to rebalance group project-service-group in state PreparingRebalance with old generation 2 (__consumer_offsets-27) (reason: Adding new member project-service-b9751fbb-1aef-4f08-83fe-4dee1405d03c with group instance id None; client reason: not provided) (kafka.coordinator.group.GroupCoordinator)
[2025-04-11 11:20:24,404] INFO [GroupCoordinator 0]: Dynamic member with unknown member id joins group user-data-consumers in Empty state. Created a new member id messaging-service-df0af717-6f14-4b93-94c3-8f7f46528515 and request the member to rejoin with this id. (kafka.coordinator.group.GroupCoordinator)
[2025-04-11 11:20:24,434] INFO [GroupCoordinator 0]: Dynamic member with unknown member id joins group file-storage-group in Empty state. Created a new member id file-storage-service-acadbd1c-b3f5-4dce-a78c-c787a328211c and request the member to rejoin with this id. (kafka.coordinator.group.GroupCoordinator)
[2025-04-11 11:20:24,430] INFO [GroupCoordinator 0]: Stabilized group project-service-group generation 3 (__consumer_offsets-27) with 1 members (kafka.coordinator.group.GroupCoordinator)
[2025-04-11 11:20:24,420] INFO [GroupCoordinator 0]: Preparing to rebalance group user-service-group in state PreparingRebalance with old generation 2 (__consumer_offsets-13) (reason: Adding new member user-service-e7b557d6-a550-4e87-a39f-c7c3460b5ccf with group instance id None; client reason: not provided) (kafka.coordinator.group.GroupCoordinator)
[2025-04-11 11:20:24,420] INFO [GroupCoordinator 0]: Preparing to rebalance group chatroom-creators in state PreparingRebalance with old generation 2 (__consumer_offsets-21) (reason: Adding new member messaging-service-d188bf24-fa41-41d2-b727-ce57f14b6876 with group instance id None; client reason: not provided) (kafka.coordinator.group.GroupCoordinator)
[2025-04-11 11:20:24,460] INFO [GroupCoordinator 0]: Stabilized group user-service-group generation 3 (__consumer_offsets-13) with 1 members (kafka.coordinator.group.GroupCoordinator)
[2025-04-11 11:20:24,455] INFO [GroupCoordinator 0]: Assignment received from leader project-service-b9751fbb-1aef-4f08-83fe-4dee1405d03c for group project-service-group for generation 3. The group has 1 members, 0 of which are static. (kafka.coordinator.group.GroupCoordinator)
[2025-04-11 11:20:24,454] INFO [GroupCoordinator 0]: Preparing to rebalance group file-storage-group in state PreparingRebalance with old generation 2 (__consumer_offsets-34) (reason: Adding new member file-storage-service-acadbd1c-b3f5-4dce-a78c-c787a328211c with group instance id None; client reason: not provided) (kafka.coordinator.group.GroupCoordinator)
[2025-04-11 11:20:24,437] INFO [GroupCoordinator 0]: Preparing to rebalance group user-data-consumers in state PreparingRebalance with old generation 2 (__consumer_offsets-26) (reason: Adding new member messaging-service-df0af717-6f14-4b93-94c3-8f7f46528515 with group instance id None; client reason: not provided) (kafka.coordinator.group.GroupCoordinator)
[2025-04-11 11:20:24,476] INFO [GroupCoordinator 0]: Assignment received from leader user-service-e7b557d6-a550-4e87-a39f-c7c3460b5ccf for group user-service-group for generation 3. The group has 1 members, 0 of which are static. (kafka.coordinator.group.GroupCoordinator)
[2025-04-11 11:20:24,470] INFO [GroupCoordinator 0]: Stabilized group chatroom-creators generation 3 (__consumer_offsets-21) with 1 members (kafka.coordinator.group.GroupCoordinator)
[2025-04-11 11:20:24,488] INFO [GroupCoordinator 0]: Stabilized group file-storage-group generation 3 (__consumer_offsets-34) with 1 members (kafka.coordinator.group.GroupCoordinator)
[2025-04-11 11:20:24,491] INFO [GroupCoordinator 0]: Assignment received from leader messaging-service-d188bf24-fa41-41d2-b727-ce57f14b6876 for group chatroom-creators for generation 3. The group has 1 members, 0 of which are static. (kafka.coordinator.group.GroupCoordinator)
[2025-04-11 11:20:24,492] INFO [GroupCoordinator 0]: Stabilized group user-data-consumers generation 3 (__consumer_offsets-26) with 1 members (kafka.coordinator.group.GroupCoordinator)
[2025-04-11 11:20:24,515] INFO [GroupCoordinator 0]: Assignment received from leader messaging-service-df0af717-6f14-4b93-94c3-8f7f46528515 for group user-data-consumers for generation 3. The group has 1 members, 0 of which are static. (kafka.coordinator.group.GroupCoordinator)
[2025-04-11 11:20:24,516] INFO [GroupCoordinator 0]: Assignment received from leader file-storage-service-acadbd1c-b3f5-4dce-a78c-c787a328211c for group file-storage-group for generation 3. The group has 1 members, 0 of which are static. (kafka.coordinator.group.GroupCoordinator)
[2025-04-11 11:36:29,593] INFO [GroupCoordinator 0]: Member messaging-service-df0af717-6f14-4b93-94c3-8f7f46528515 in group user-data-consumers has failed, removing it from the group (kafka.coordinator.group.GroupCoordinator)
[2025-04-11 11:36:29,593] INFO [GroupCoordinator 0]: Preparing to rebalance group user-data-consumers in state PreparingRebalance with old generation 3 (__consumer_offsets-26) (reason: removing member messaging-service-df0af717-6f14-4b93-94c3-8f7f46528515 on heartbeat expiration) (kafka.coordinator.group.GroupCoordinator)
[2025-04-11 11:36:29,594] INFO [GroupCoordinator 0]: Group user-data-consumers with generation 4 is now empty (__consumer_offsets-26) (kafka.coordinator.group.GroupCoordinator)
[2025-04-11 11:36:29,968] INFO [GroupCoordinator 0]: Member project-service-b9751fbb-1aef-4f08-83fe-4dee1405d03c in group project-service-group has failed, removing it from the group (kafka.coordinator.group.GroupCoordinator)
[2025-04-11 11:36:29,974] INFO [GroupCoordinator 0]: Preparing to rebalance group project-service-group in state PreparingRebalance with old generation 3 (__consumer_offsets-27) (reason: removing member project-service-b9751fbb-1aef-4f08-83fe-4dee1405d03c on heartbeat expiration) (kafka.coordinator.group.GroupCoordinator)
[2025-04-11 11:36:29,975] INFO [GroupCoordinator 0]: Group project-service-group with generation 4 is now empty (__consumer_offsets-27) (kafka.coordinator.group.GroupCoordinator)
[2025-04-11 11:36:29,987] INFO [GroupCoordinator 0]: Member file-storage-service-acadbd1c-b3f5-4dce-a78c-c787a328211c in group file-storage-group has failed, removing it from the group (kafka.coordinator.group.GroupCoordinator)
[2025-04-11 11:36:29,995] INFO [GroupCoordinator 0]: Preparing to rebalance group file-storage-group in state PreparingRebalance with old generation 3 (__consumer_offsets-34) (reason: removing member file-storage-service-acadbd1c-b3f5-4dce-a78c-c787a328211c on heartbeat expiration) (kafka.coordinator.group.GroupCoordinator)
[2025-04-11 11:36:29,999] INFO [GroupCoordinator 0]: Group file-storage-group with generation 4 is now empty (__consumer_offsets-34) (kafka.coordinator.group.GroupCoordinator)
[2025-04-11 11:36:30,000] INFO [GroupCoordinator 0]: Member user-service-e7b557d6-a550-4e87-a39f-c7c3460b5ccf in group user-service-group has failed, removing it from the group (kafka.coordinator.group.GroupCoordinator)
[2025-04-11 11:36:30,004] INFO [GroupCoordinator 0]: Preparing to rebalance group user-service-group in state PreparingRebalance with old generation 3 (__consumer_offsets-13) (reason: removing member user-service-e7b557d6-a550-4e87-a39f-c7c3460b5ccf on heartbeat expiration) (kafka.coordinator.group.GroupCoordinator)
[2025-04-11 11:36:30,007] INFO [GroupCoordinator 0]: Group user-service-group with generation 4 is now empty (__consumer_offsets-13) (kafka.coordinator.group.GroupCoordinator)
[2025-04-11 11:36:30,008] INFO [GroupCoordinator 0]: Member messaging-service-d188bf24-fa41-41d2-b727-ce57f14b6876 in group chatroom-creators has failed, removing it from the group (kafka.coordinator.group.GroupCoordinator)
[2025-04-11 11:36:30,012] INFO [GroupCoordinator 0]: Preparing to rebalance group chatroom-creators in state PreparingRebalance with old generation 3 (__consumer_offsets-21) (reason: removing member messaging-service-d188bf24-fa41-41d2-b727-ce57f14b6876 on heartbeat expiration) (kafka.coordinator.group.GroupCoordinator)
[2025-04-11 11:36:30,012] INFO [GroupCoordinator 0]: Group chatroom-creators with generation 4 is now empty (__consumer_offsets-21) (kafka.coordinator.group.GroupCoordinator)
[2025-04-11 11:36:31,362] INFO Expiring session 0x100cf1023310001, timeout of 18000ms exceeded (org.apache.zookeeper.server.ZooKeeperServer)
[2025-04-11 11:36:31,445] WARN Client session timed out, have not heard from server in 609632ms for session id 0x100cf1023310001 (org.apache.zookeeper.ClientCnxn)
[2025-04-11 11:36:31,450] WARN Session 0x100cf1023310001 for server localhost/127.0.0.1:2181, Closing socket connection. Attempting reconnect except it is a SessionExpiredException. (org.apache.zookeeper.ClientCnxn)
org.apache.zookeeper.ClientCnxn$SessionTimeoutException: Client session timed out, have not heard from server in 609632ms for session id 0x100cf1023310001
	at org.apache.zookeeper.ClientCnxn$SendThread.run(ClientCnxn.java:1257)
[2025-04-11 11:36:32,861] INFO Opening socket connection to server localhost/[0:0:0:0:0:0:0:1]:2181. (org.apache.zookeeper.ClientCnxn)
[2025-04-11 11:36:32,863] INFO Socket connection established, initiating session, client: /[0:0:0:0:0:0:0:1]:63997, server: localhost/[0:0:0:0:0:0:0:1]:2181 (org.apache.zookeeper.ClientCnxn)
[2025-04-11 11:36:32,867] INFO Invalid session 0x100cf1023310001 for client /[0:0:0:0:0:0:0:1]:63997, probably expired (org.apache.zookeeper.server.ZooKeeperServer)
[2025-04-11 11:36:32,868] WARN Unable to reconnect to ZooKeeper service, session 0x100cf1023310001 has expired (org.apache.zookeeper.ClientCnxn)
[2025-04-11 11:36:32,871] WARN Session 0x100cf1023310001 for server localhost/[0:0:0:0:0:0:0:1]:2181, Closing socket connection. Attempting reconnect except it is a SessionExpiredException. (org.apache.zookeeper.ClientCnxn)
org.apache.zookeeper.ClientCnxn$SessionExpiredException: Unable to reconnect to ZooKeeper service, session 0x100cf1023310001 has expired
	at org.apache.zookeeper.ClientCnxn$SendThread.onConnected(ClientCnxn.java:1439)
	at org.apache.zookeeper.ClientCnxnSocket.readConnectResult(ClientCnxnSocket.java:154)
	at org.apache.zookeeper.ClientCnxnSocketNIO.doIO(ClientCnxnSocketNIO.java:86)
	at org.apache.zookeeper.ClientCnxnSocketNIO.doTransport(ClientCnxnSocketNIO.java:350)
	at org.apache.zookeeper.ClientCnxn$SendThread.run(ClientCnxn.java:1289)
[2025-04-11 11:36:32,868] INFO [ZooKeeperClient Kafka server] Session expired. (kafka.zookeeper.ZooKeeperClient)
[2025-04-11 11:36:32,868] INFO EventThread shut down for session: 0x100cf1023310001 (org.apache.zookeeper.ClientCnxn)
[2025-04-11 11:36:32,876] INFO [ZooKeeperClient Kafka server] Initializing a new session to localhost:2181. (kafka.zookeeper.ZooKeeperClient)
[2025-04-11 11:36:32,885] INFO Initiating client connection, connectString=localhost:2181 sessionTimeout=18000 watcher=kafka.zookeeper.ZooKeeperClient$ZooKeeperClientWatcher$@4b7dc788 (org.apache.zookeeper.ZooKeeper)
[2025-04-11 11:36:32,895] INFO jute.maxbuffer value is 4194304 Bytes (org.apache.zookeeper.ClientCnxnSocket)
[2025-04-11 11:36:32,911] INFO zookeeper.request.timeout value is 0. feature enabled=false (org.apache.zookeeper.ClientCnxn)
[2025-04-11 11:36:32,917] INFO Creating /brokers/ids/0 (is it secure? false) (kafka.zk.KafkaZkClient)
[2025-04-11 11:36:32,925] INFO Opening socket connection to server localhost/[0:0:0:0:0:0:0:1]:2181. (org.apache.zookeeper.ClientCnxn)
[2025-04-11 11:36:32,929] INFO Socket connection established, initiating session, client: /[0:0:0:0:0:0:0:1]:63998, server: localhost/[0:0:0:0:0:0:0:1]:2181 (org.apache.zookeeper.ClientCnxn)
[2025-04-11 11:36:32,940] INFO Session establishment complete on server localhost/[0:0:0:0:0:0:0:1]:2181, session id = 0x100cf1023310002, negotiated timeout = 18000 (org.apache.zookeeper.ClientCnxn)
[2025-04-11 11:36:32,948] INFO [MetadataCache brokerId=0] Updated cache from existing Some(Features(metadataVersion=3.9-IV0, finalizedFeatures={}, finalizedFeaturesEpoch=0)) to latest Features(metadataVersion=3.9-IV0, finalizedFeatures={}, finalizedFeaturesEpoch=0). (kafka.server.metadata.ZkMetadataCache)
[2025-04-11 11:36:32,950] INFO Stat of the created znode at /brokers/ids/0 is: 225,225,1744367792947,1744367792947,1,0,0,72285262254768130,214,0,225
 (kafka.zk.KafkaZkClient)
[2025-04-11 11:36:32,951] INFO Registered broker 0 at path /brokers/ids/0 with addresses: PLAINTEXT://DESKTOP-8GKE7FT:9092, czxid (broker epoch): 225 (kafka.zk.KafkaZkClient)
[2025-04-11 11:36:34,975] INFO [GroupCoordinator 0]: Dynamic member with unknown member id joins group user-service-group in Empty state. Created a new member id user-service-af8b8b64-645c-44ed-820b-4c6aac71bce2 and request the member to rejoin with this id. (kafka.coordinator.group.GroupCoordinator)
[2025-04-11 11:36:34,975] INFO [GroupCoordinator 0]: Dynamic member with unknown member id joins group project-service-group in Empty state. Created a new member id project-service-2fb927e6-374a-4760-ab04-258b83e49710 and request the member to rejoin with this id. (kafka.coordinator.group.GroupCoordinator)
[2025-04-11 11:36:34,977] INFO [GroupCoordinator 0]: Preparing to rebalance group project-service-group in state PreparingRebalance with old generation 4 (__consumer_offsets-27) (reason: Adding new member project-service-2fb927e6-374a-4760-ab04-258b83e49710 with group instance id None; client reason: not provided) (kafka.coordinator.group.GroupCoordinator)
[2025-04-11 11:36:34,977] INFO [GroupCoordinator 0]: Preparing to rebalance group user-service-group in state PreparingRebalance with old generation 4 (__consumer_offsets-13) (reason: Adding new member user-service-af8b8b64-645c-44ed-820b-4c6aac71bce2 with group instance id None; client reason: not provided) (kafka.coordinator.group.GroupCoordinator)
[2025-04-11 11:36:34,977] INFO [GroupCoordinator 0]: Stabilized group project-service-group generation 5 (__consumer_offsets-27) with 1 members (kafka.coordinator.group.GroupCoordinator)
[2025-04-11 11:36:34,978] INFO [GroupCoordinator 0]: Stabilized group user-service-group generation 5 (__consumer_offsets-13) with 1 members (kafka.coordinator.group.GroupCoordinator)
[2025-04-11 11:36:34,980] INFO [GroupCoordinator 0]: Assignment received from leader project-service-2fb927e6-374a-4760-ab04-258b83e49710 for group project-service-group for generation 5. The group has 1 members, 0 of which are static. (kafka.coordinator.group.GroupCoordinator)
[2025-04-11 11:36:34,982] INFO [GroupCoordinator 0]: Assignment received from leader user-service-af8b8b64-645c-44ed-820b-4c6aac71bce2 for group user-service-group for generation 5. The group has 1 members, 0 of which are static. (kafka.coordinator.group.GroupCoordinator)
[2025-04-11 11:36:35,005] INFO [GroupCoordinator 0]: Dynamic member with unknown member id joins group chatroom-creators in Empty state. Created a new member id messaging-service-f1673277-2d4f-49e3-992e-59a225e2f999 and request the member to rejoin with this id. (kafka.coordinator.group.GroupCoordinator)
[2025-04-11 11:36:35,007] INFO [GroupCoordinator 0]: Preparing to rebalance group chatroom-creators in state PreparingRebalance with old generation 4 (__consumer_offsets-21) (reason: Adding new member messaging-service-f1673277-2d4f-49e3-992e-59a225e2f999 with group instance id None; client reason: not provided) (kafka.coordinator.group.GroupCoordinator)
[2025-04-11 11:36:35,008] INFO [GroupCoordinator 0]: Dynamic member with unknown member id joins group user-data-consumers in Empty state. Created a new member id messaging-service-e3c50676-fc55-45f1-88f6-df4c6ed17500 and request the member to rejoin with this id. (kafka.coordinator.group.GroupCoordinator)
[2025-04-11 11:36:35,008] INFO [GroupCoordinator 0]: Stabilized group chatroom-creators generation 5 (__consumer_offsets-21) with 1 members (kafka.coordinator.group.GroupCoordinator)
[2025-04-11 11:36:35,010] INFO [GroupCoordinator 0]: Preparing to rebalance group user-data-consumers in state PreparingRebalance with old generation 4 (__consumer_offsets-26) (reason: Adding new member messaging-service-e3c50676-fc55-45f1-88f6-df4c6ed17500 with group instance id None; client reason: not provided) (kafka.coordinator.group.GroupCoordinator)
[2025-04-11 11:36:35,011] INFO [GroupCoordinator 0]: Assignment received from leader messaging-service-f1673277-2d4f-49e3-992e-59a225e2f999 for group chatroom-creators for generation 5. The group has 1 members, 0 of which are static. (kafka.coordinator.group.GroupCoordinator)
[2025-04-11 11:36:35,011] INFO [GroupCoordinator 0]: Stabilized group user-data-consumers generation 5 (__consumer_offsets-26) with 1 members (kafka.coordinator.group.GroupCoordinator)
[2025-04-11 11:36:35,015] INFO [GroupCoordinator 0]: Assignment received from leader messaging-service-e3c50676-fc55-45f1-88f6-df4c6ed17500 for group user-data-consumers for generation 5. The group has 1 members, 0 of which are static. (kafka.coordinator.group.GroupCoordinator)
[2025-04-11 11:36:35,282] INFO [GroupCoordinator 0]: Dynamic member with unknown member id joins group file-storage-group in Empty state. Created a new member id file-storage-service-185fa98b-5aab-4c34-bd20-bce67768b520 and request the member to rejoin with this id. (kafka.coordinator.group.GroupCoordinator)
[2025-04-11 11:36:35,283] INFO [GroupCoordinator 0]: Preparing to rebalance group file-storage-group in state PreparingRebalance with old generation 4 (__consumer_offsets-34) (reason: Adding new member file-storage-service-185fa98b-5aab-4c34-bd20-bce67768b520 with group instance id None; client reason: not provided) (kafka.coordinator.group.GroupCoordinator)
[2025-04-11 11:36:35,284] INFO [GroupCoordinator 0]: Stabilized group file-storage-group generation 5 (__consumer_offsets-34) with 1 members (kafka.coordinator.group.GroupCoordinator)
[2025-04-11 11:36:35,287] INFO [GroupCoordinator 0]: Assignment received from leader file-storage-service-185fa98b-5aab-4c34-bd20-bce67768b520 for group file-storage-group for generation 5. The group has 1 members, 0 of which are static. (kafka.coordinator.group.GroupCoordinator)
[2025-04-11 11:52:57,662] INFO [GroupCoordinator 0]: Member user-service-af8b8b64-645c-44ed-820b-4c6aac71bce2 in group user-service-group has failed, removing it from the group (kafka.coordinator.group.GroupCoordinator)
[2025-04-11 11:52:57,666] INFO [GroupCoordinator 0]: Preparing to rebalance group user-service-group in state PreparingRebalance with old generation 5 (__consumer_offsets-13) (reason: removing member user-service-af8b8b64-645c-44ed-820b-4c6aac71bce2 on heartbeat expiration) (kafka.coordinator.group.GroupCoordinator)
[2025-04-11 11:52:57,667] INFO [GroupCoordinator 0]: Group user-service-group with generation 6 is now empty (__consumer_offsets-13) (kafka.coordinator.group.GroupCoordinator)
[2025-04-11 11:53:00,234] INFO [KafkaServer id=0] shutting down (kafka.server.KafkaServer)
[2025-04-11 11:53:00,245] INFO [KafkaServer id=0] Starting controlled shutdown (kafka.server.KafkaServer)
[2025-04-11 11:53:00,316] INFO [KafkaServer id=0] Controlled shutdown request returned successfully after 47ms (kafka.server.KafkaServer)
[2025-04-11 11:53:00,322] INFO [/config/changes-event-process-thread]: Shutting down (kafka.common.ZkNodeChangeNotificationListener$ChangeEventProcessThread)
[2025-04-11 11:53:00,323] INFO [/config/changes-event-process-thread]: Stopped (kafka.common.ZkNodeChangeNotificationListener$ChangeEventProcessThread)
[2025-04-11 11:53:00,323] INFO [/config/changes-event-process-thread]: Shutdown completed (kafka.common.ZkNodeChangeNotificationListener$ChangeEventProcessThread)
[2025-04-11 11:53:00,326] INFO [SocketServer listenerType=ZK_BROKER, nodeId=0] Stopping socket server request processors (kafka.network.SocketServer)
[2025-04-11 11:53:00,342] INFO [SocketServer listenerType=ZK_BROKER, nodeId=0] Stopped socket server request processors (kafka.network.SocketServer)
[2025-04-11 11:53:00,345] INFO [data-plane Kafka Request Handler on Broker 0], shutting down (kafka.server.KafkaRequestHandlerPool)
[2025-04-11 11:53:00,348] INFO [data-plane Kafka Request Handler on Broker 0], shut down completely (kafka.server.KafkaRequestHandlerPool)
[2025-04-11 11:53:00,353] INFO [ExpirationReaper-0-AlterAcls]: Shutting down (kafka.server.DelayedOperationPurgatory$ExpiredOperationReaper)
[2025-04-11 11:53:00,354] INFO [ExpirationReaper-0-AlterAcls]: Shutdown completed (kafka.server.DelayedOperationPurgatory$ExpiredOperationReaper)
[2025-04-11 11:53:00,354] INFO [ExpirationReaper-0-AlterAcls]: Stopped (kafka.server.DelayedOperationPurgatory$ExpiredOperationReaper)
[2025-04-11 11:53:00,358] INFO [KafkaApi-0] Shutdown complete. (kafka.server.KafkaApis)
[2025-04-11 11:53:00,362] INFO [ExpirationReaper-0-topic]: Shutting down (kafka.server.DelayedOperationPurgatory$ExpiredOperationReaper)
[2025-04-11 11:53:00,374] INFO [ExpirationReaper-0-topic]: Stopped (kafka.server.DelayedOperationPurgatory$ExpiredOperationReaper)
[2025-04-11 11:53:00,374] INFO [ExpirationReaper-0-topic]: Shutdown completed (kafka.server.DelayedOperationPurgatory$ExpiredOperationReaper)
[2025-04-11 11:53:00,379] INFO [TransactionCoordinator id=0] Shutting down. (kafka.coordinator.transaction.TransactionCoordinator)
[2025-04-11 11:53:00,381] INFO [Transaction State Manager 0]: Shutdown complete (kafka.coordinator.transaction.TransactionStateManager)
[2025-04-11 11:53:00,381] INFO [TxnMarkerSenderThread-0]: Shutting down (kafka.coordinator.transaction.TransactionMarkerChannelManager)
[2025-04-11 11:53:00,382] INFO [TxnMarkerSenderThread-0]: Stopped (kafka.coordinator.transaction.TransactionMarkerChannelManager)
[2025-04-11 11:53:00,382] INFO [TxnMarkerSenderThread-0]: Shutdown completed (kafka.coordinator.transaction.TransactionMarkerChannelManager)
[2025-04-11 11:53:00,386] INFO [TransactionCoordinator id=0] Shutdown complete. (kafka.coordinator.transaction.TransactionCoordinator)
[2025-04-11 11:53:00,387] INFO [GroupCoordinator 0]: Shutting down. (kafka.coordinator.group.GroupCoordinator)
[2025-04-11 11:53:00,387] INFO [ExpirationReaper-0-Heartbeat]: Shutting down (kafka.server.DelayedOperationPurgatory$ExpiredOperationReaper)
[2025-04-11 11:53:00,388] INFO [ExpirationReaper-0-Heartbeat]: Stopped (kafka.server.DelayedOperationPurgatory$ExpiredOperationReaper)
[2025-04-11 11:53:00,388] INFO [ExpirationReaper-0-Heartbeat]: Shutdown completed (kafka.server.DelayedOperationPurgatory$ExpiredOperationReaper)
[2025-04-11 11:53:00,388] INFO [ExpirationReaper-0-Rebalance]: Shutting down (kafka.server.DelayedOperationPurgatory$ExpiredOperationReaper)
[2025-04-11 11:53:00,389] INFO [ExpirationReaper-0-Rebalance]: Stopped (kafka.server.DelayedOperationPurgatory$ExpiredOperationReaper)
[2025-04-11 11:53:00,389] INFO [ExpirationReaper-0-Rebalance]: Shutdown completed (kafka.server.DelayedOperationPurgatory$ExpiredOperationReaper)
[2025-04-11 11:53:00,390] INFO [GroupCoordinator 0]: Shutdown complete. (kafka.coordinator.group.GroupCoordinator)
[2025-04-11 11:53:00,392] INFO [ReplicaManager broker=0] Shutting down (kafka.server.ReplicaManager)
[2025-04-11 11:53:00,394] INFO [LogDirFailureHandler]: Shutting down (kafka.server.ReplicaManager$LogDirFailureHandler)
[2025-04-11 11:53:00,395] INFO [LogDirFailureHandler]: Stopped (kafka.server.ReplicaManager$LogDirFailureHandler)
[2025-04-11 11:53:00,395] INFO [LogDirFailureHandler]: Shutdown completed (kafka.server.ReplicaManager$LogDirFailureHandler)
[2025-04-11 11:53:00,397] INFO [ReplicaFetcherManager on broker 0] shutting down (kafka.server.ReplicaFetcherManager)
[2025-04-11 11:53:00,399] INFO [ReplicaFetcherManager on broker 0] shutdown completed (kafka.server.ReplicaFetcherManager)
[2025-04-11 11:53:00,401] INFO [ReplicaAlterLogDirsManager on broker 0] shutting down (kafka.server.ReplicaAlterLogDirsManager)
[2025-04-11 11:53:00,402] INFO [ReplicaAlterLogDirsManager on broker 0] shutdown completed (kafka.server.ReplicaAlterLogDirsManager)
[2025-04-11 11:53:00,403] INFO [ExpirationReaper-0-Fetch]: Shutting down (kafka.server.DelayedOperationPurgatory$ExpiredOperationReaper)
[2025-04-11 11:53:00,403] INFO [ExpirationReaper-0-Fetch]: Stopped (kafka.server.DelayedOperationPurgatory$ExpiredOperationReaper)
[2025-04-11 11:53:00,403] INFO [ExpirationReaper-0-Fetch]: Shutdown completed (kafka.server.DelayedOperationPurgatory$ExpiredOperationReaper)
[2025-04-11 11:53:00,404] INFO [ExpirationReaper-0-RemoteFetch]: Shutting down (kafka.server.DelayedOperationPurgatory$ExpiredOperationReaper)
[2025-04-11 11:53:00,405] INFO [ExpirationReaper-0-RemoteFetch]: Stopped (kafka.server.DelayedOperationPurgatory$ExpiredOperationReaper)
[2025-04-11 11:53:00,405] INFO [ExpirationReaper-0-RemoteFetch]: Shutdown completed (kafka.server.DelayedOperationPurgatory$ExpiredOperationReaper)
[2025-04-11 11:53:00,405] INFO [ExpirationReaper-0-Produce]: Shutting down (kafka.server.DelayedOperationPurgatory$ExpiredOperationReaper)
[2025-04-11 11:53:00,406] INFO [ExpirationReaper-0-Produce]: Stopped (kafka.server.DelayedOperationPurgatory$ExpiredOperationReaper)
[2025-04-11 11:53:00,406] INFO [ExpirationReaper-0-Produce]: Shutdown completed (kafka.server.DelayedOperationPurgatory$ExpiredOperationReaper)
[2025-04-11 11:53:00,406] INFO [ExpirationReaper-0-DeleteRecords]: Shutting down (kafka.server.DelayedOperationPurgatory$ExpiredOperationReaper)
[2025-04-11 11:53:00,407] INFO [ExpirationReaper-0-DeleteRecords]: Stopped (kafka.server.DelayedOperationPurgatory$ExpiredOperationReaper)
[2025-04-11 11:53:00,407] INFO [ExpirationReaper-0-DeleteRecords]: Shutdown completed (kafka.server.DelayedOperationPurgatory$ExpiredOperationReaper)
[2025-04-11 11:53:00,408] INFO [ExpirationReaper-0-ElectLeader]: Shutting down (kafka.server.DelayedOperationPurgatory$ExpiredOperationReaper)
[2025-04-11 11:53:00,410] INFO [ExpirationReaper-0-ElectLeader]: Stopped (kafka.server.DelayedOperationPurgatory$ExpiredOperationReaper)
[2025-04-11 11:53:00,410] INFO [ExpirationReaper-0-ElectLeader]: Shutdown completed (kafka.server.DelayedOperationPurgatory$ExpiredOperationReaper)
[2025-04-11 11:53:00,421] INFO [AddPartitionsToTxnSenderThread-0]: Shutting down (kafka.server.AddPartitionsToTxnManager)
[2025-04-11 11:53:00,421] INFO [AddPartitionsToTxnSenderThread-0]: Stopped (kafka.server.AddPartitionsToTxnManager)
[2025-04-11 11:53:00,421] INFO [AddPartitionsToTxnSenderThread-0]: Shutdown completed (kafka.server.AddPartitionsToTxnManager)
[2025-04-11 11:53:00,424] INFO [ReplicaManager broker=0] Shut down completely (kafka.server.ReplicaManager)
[2025-04-11 11:53:00,426] INFO [zk-broker-0-to-controller-alter-partition-channel-manager]: Shutting down (kafka.server.NodeToControllerRequestThread)
[2025-04-11 11:53:00,426] INFO [zk-broker-0-to-controller-alter-partition-channel-manager]: Stopped (kafka.server.NodeToControllerRequestThread)
[2025-04-11 11:53:00,426] INFO [zk-broker-0-to-controller-alter-partition-channel-manager]: Shutdown completed (kafka.server.NodeToControllerRequestThread)
[2025-04-11 11:53:00,430] INFO Node to controller channel manager for alter-partition shutdown (kafka.server.NodeToControllerChannelManagerImpl)
[2025-04-11 11:53:00,430] INFO [zk-broker-0-to-controller-forwarding-channel-manager]: Shutting down (kafka.server.NodeToControllerRequestThread)
[2025-04-11 11:53:00,431] INFO [zk-broker-0-to-controller-forwarding-channel-manager]: Stopped (kafka.server.NodeToControllerRequestThread)
[2025-04-11 11:53:00,431] INFO [zk-broker-0-to-controller-forwarding-channel-manager]: Shutdown completed (kafka.server.NodeToControllerRequestThread)
[2025-04-11 11:53:00,431] INFO Node to controller channel manager for forwarding shutdown (kafka.server.NodeToControllerChannelManagerImpl)
[2025-04-11 11:53:00,433] INFO Shutting down. (kafka.log.LogManager)
[2025-04-11 11:53:00,439] INFO [kafka-log-cleaner-thread-0]: Shutting down (kafka.log.LogCleaner$CleanerThread)
[2025-04-11 11:53:00,440] INFO [kafka-log-cleaner-thread-0]: Stopped (kafka.log.LogCleaner$CleanerThread)
[2025-04-11 11:53:00,440] INFO [kafka-log-cleaner-thread-0]: Shutdown completed (kafka.log.LogCleaner$CleanerThread)
[2025-04-11 11:53:00,509] INFO [ProducerStateManager partition=user-data-request-0] Wrote producer snapshot at offset 2 with 0 producer ids in 4 ms. (org.apache.kafka.storage.internals.log.ProducerStateManager)
[2025-04-11 11:53:00,529] INFO [ProducerStateManager partition=google-data-topic-0] Wrote producer snapshot at offset 2 with 0 producer ids in 3 ms. (org.apache.kafka.storage.internals.log.ProducerStateManager)
[2025-04-11 11:53:00,538] WARN Failed to close offsetIndex with type org.apache.kafka.storage.internals.log.LazyIndex (org.apache.kafka.storage.internals.log.LogSegment)
java.io.IOException: The requested operation cannot be performed on a file with a user-mapped section open
	at java.base/java.io.RandomAccessFile.setLength0(Native Method)
	at java.base/java.io.RandomAccessFile.setLength(RandomAccessFile.java:768)
	at org.apache.kafka.storage.internals.log.AbstractIndex.resize(AbstractIndex.java:205)
	at org.apache.kafka.storage.internals.log.AbstractIndex.trimToValidSize(AbstractIndex.java:266)
	at org.apache.kafka.storage.internals.log.AbstractIndex.close(AbstractIndex.java:280)
	at org.apache.kafka.storage.internals.log.LazyIndex$IndexValue.close(LazyIndex.java:133)
	at org.apache.kafka.storage.internals.log.LazyIndex.close(LazyIndex.java:222)
	at org.apache.kafka.common.utils.Utils.closeQuietly(Utils.java:1125)
	at org.apache.kafka.storage.internals.log.LogSegment.close(LogSegment.java:771)
	at org.apache.kafka.storage.internals.log.LogSegments.close(LogSegments.java:107)
	at kafka.log.LocalLog.$anonfun$close$2(LocalLog.scala:228)
	at kafka.log.LocalLog.close(LocalLog.scala:716)
	at kafka.log.UnifiedLog.close(UnifiedLog.scala:666)
	at kafka.log.LogManager.$anonfun$shutdown$8(LogManager.scala:690)
	at java.base/java.util.concurrent.Executors$RunnableAdapter.call(Executors.java:572)
	at java.base/java.util.concurrent.FutureTask.run(FutureTask.java:317)
	at java.base/java.util.concurrent.ThreadPoolExecutor.runWorker(ThreadPoolExecutor.java:1144)
	at java.base/java.util.concurrent.ThreadPoolExecutor$Worker.run(ThreadPoolExecutor.java:642)
	at java.base/java.lang.Thread.run(Thread.java:1575)
[2025-04-11 11:53:00,582] INFO [ProducerStateManager partition=__consumer_offsets-27] Wrote producer snapshot at offset 12 with 0 producer ids in 3 ms. (org.apache.kafka.storage.internals.log.ProducerStateManager)
[2025-04-11 11:53:00,636] INFO [ProducerStateManager partition=user-service-avatar-updated-0] Wrote producer snapshot at offset 1 with 0 producer ids in 3 ms. (org.apache.kafka.storage.internals.log.ProducerStateManager)
[2025-04-11 11:53:00,656] INFO [ProducerStateManager partition=user-invited-to-project-0] Wrote producer snapshot at offset 1 with 0 producer ids in 4 ms. (org.apache.kafka.storage.internals.log.ProducerStateManager)
[2025-04-11 11:53:00,743] INFO [ProducerStateManager partition=file-upload-0] Wrote producer snapshot at offset 1 with 0 producer ids in 3 ms. (org.apache.kafka.storage.internals.log.ProducerStateManager)
[2025-04-11 11:53:00,767] INFO [ProducerStateManager partition=team-service-topic-0] Wrote producer snapshot at offset 3 with 0 producer ids in 4 ms. (org.apache.kafka.storage.internals.log.ProducerStateManager)
[2025-04-11 11:53:00,809] WARN Failed to close offsetIndex with type org.apache.kafka.storage.internals.log.LazyIndex (org.apache.kafka.storage.internals.log.LogSegment)
java.io.IOException: The requested operation cannot be performed on a file with a user-mapped section open
	at java.base/java.io.RandomAccessFile.setLength0(Native Method)
	at java.base/java.io.RandomAccessFile.setLength(RandomAccessFile.java:768)
	at org.apache.kafka.storage.internals.log.AbstractIndex.resize(AbstractIndex.java:205)
	at org.apache.kafka.storage.internals.log.AbstractIndex.trimToValidSize(AbstractIndex.java:266)
	at org.apache.kafka.storage.internals.log.AbstractIndex.close(AbstractIndex.java:280)
	at org.apache.kafka.storage.internals.log.LazyIndex$IndexValue.close(LazyIndex.java:133)
	at org.apache.kafka.storage.internals.log.LazyIndex.close(LazyIndex.java:222)
	at org.apache.kafka.common.utils.Utils.closeQuietly(Utils.java:1125)
	at org.apache.kafka.storage.internals.log.LogSegment.close(LogSegment.java:771)
	at org.apache.kafka.storage.internals.log.LogSegments.close(LogSegments.java:107)
	at kafka.log.LocalLog.$anonfun$close$2(LocalLog.scala:228)
	at kafka.log.LocalLog.close(LocalLog.scala:716)
	at kafka.log.UnifiedLog.close(UnifiedLog.scala:666)
	at kafka.log.LogManager.$anonfun$shutdown$8(LogManager.scala:690)
	at java.base/java.util.concurrent.Executors$RunnableAdapter.call(Executors.java:572)
	at java.base/java.util.concurrent.FutureTask.run(FutureTask.java:317)
	at java.base/java.util.concurrent.ThreadPoolExecutor.runWorker(ThreadPoolExecutor.java:1144)
	at java.base/java.util.concurrent.ThreadPoolExecutor$Worker.run(ThreadPoolExecutor.java:642)
	at java.base/java.lang.Thread.run(Thread.java:1575)
[2025-04-11 11:53:00,840] INFO [ProducerStateManager partition=__consumer_offsets-13] Wrote producer snapshot at offset 13 with 0 producer ids in 3 ms. (org.apache.kafka.storage.internals.log.ProducerStateManager)
[2025-04-11 11:53:00,853] INFO [ProducerStateManager partition=__consumer_offsets-26] Wrote producer snapshot at offset 12 with 0 producer ids in 3 ms. (org.apache.kafka.storage.internals.log.ProducerStateManager)
[2025-04-11 11:53:00,870] INFO [ProducerStateManager partition=__consumer_offsets-21] Wrote producer snapshot at offset 7 with 0 producer ids in 4 ms. (org.apache.kafka.storage.internals.log.ProducerStateManager)
[2025-04-11 11:53:00,937] INFO [ProducerStateManager partition=user-joined-project-0] Wrote producer snapshot at offset 3 with 0 producer ids in 3 ms. (org.apache.kafka.storage.internals.log.ProducerStateManager)
[2025-04-11 11:53:00,966] INFO [ProducerStateManager partition=user-service-invite-members-0] Wrote producer snapshot at offset 1 with 0 producer ids in 3 ms. (org.apache.kafka.storage.internals.log.ProducerStateManager)
[2025-04-11 11:53:00,999] INFO [ProducerStateManager partition=user-data-response-0] Wrote producer snapshot at offset 2 with 0 producer ids in 4 ms. (org.apache.kafka.storage.internals.log.ProducerStateManager)
[2025-04-11 11:53:01,039] INFO [ProducerStateManager partition=user-avatar-updated-0] Wrote producer snapshot at offset 1 with 0 producer ids in 3 ms. (org.apache.kafka.storage.internals.log.ProducerStateManager)
[2025-04-11 11:53:01,054] INFO [ProducerStateManager partition=team-service-invite-members-0] Wrote producer snapshot at offset 1 with 0 producer ids in 3 ms. (org.apache.kafka.storage.internals.log.ProducerStateManager)
[2025-04-11 11:53:01,076] INFO [ProducerStateManager partition=chatroom-creation-0] Wrote producer snapshot at offset 2 with 0 producer ids in 4 ms. (org.apache.kafka.storage.internals.log.ProducerStateManager)
[2025-04-11 11:53:01,136] INFO [ProducerStateManager partition=__consumer_offsets-34] Wrote producer snapshot at offset 6 with 0 producer ids in 3 ms. (org.apache.kafka.storage.internals.log.ProducerStateManager)
[2025-04-11 11:53:01,147] INFO [ProducerStateManager partition=user-service-project-created-0] Wrote producer snapshot at offset 3 with 0 producer ids in 3 ms. (org.apache.kafka.storage.internals.log.ProducerStateManager)
[2025-04-11 11:53:01,258] INFO Shutdown complete. (kafka.log.LogManager)
[2025-04-11 11:53:01,263] INFO [feature-zk-node-event-process-thread]: Shutting down (kafka.server.FinalizedFeatureChangeListener$ChangeNotificationProcessorThread)
[2025-04-11 11:53:01,263] INFO [feature-zk-node-event-process-thread]: Stopped (kafka.server.FinalizedFeatureChangeListener$ChangeNotificationProcessorThread)
[2025-04-11 11:53:01,263] INFO [feature-zk-node-event-process-thread]: Shutdown completed (kafka.server.FinalizedFeatureChangeListener$ChangeNotificationProcessorThread)
[2025-04-11 11:53:01,265] INFO [ZooKeeperClient Kafka server] Closing. (kafka.zookeeper.ZooKeeperClient)
[2025-04-11 11:53:01,397] INFO EventThread shut down for session: 0x100cf1023310002 (org.apache.zookeeper.ClientCnxn)
[2025-04-11 11:53:01,397] INFO Session: 0x100cf1023310002 closed (org.apache.zookeeper.ZooKeeper)
[2025-04-11 11:53:01,400] INFO [ZooKeeperClient Kafka server] Closed. (kafka.zookeeper.ZooKeeperClient)
[2025-04-11 11:53:01,402] INFO [ThrottledChannelReaper-Fetch]: Shutting down (kafka.server.ClientQuotaManager$ThrottledChannelReaper)
[2025-04-11 11:53:01,408] INFO [ThrottledChannelReaper-Fetch]: Stopped (kafka.server.ClientQuotaManager$ThrottledChannelReaper)
[2025-04-11 11:53:01,408] INFO [ThrottledChannelReaper-Fetch]: Shutdown completed (kafka.server.ClientQuotaManager$ThrottledChannelReaper)
[2025-04-11 11:53:01,409] INFO [ThrottledChannelReaper-Produce]: Shutting down (kafka.server.ClientQuotaManager$ThrottledChannelReaper)
[2025-04-11 11:53:01,410] INFO [ThrottledChannelReaper-Produce]: Stopped (kafka.server.ClientQuotaManager$ThrottledChannelReaper)
[2025-04-11 11:53:01,410] INFO [ThrottledChannelReaper-Produce]: Shutdown completed (kafka.server.ClientQuotaManager$ThrottledChannelReaper)
[2025-04-11 11:53:01,411] INFO [ThrottledChannelReaper-Request]: Shutting down (kafka.server.ClientQuotaManager$ThrottledChannelReaper)
[2025-04-11 11:53:01,412] INFO [ThrottledChannelReaper-Request]: Stopped (kafka.server.ClientQuotaManager$ThrottledChannelReaper)
[2025-04-11 11:53:01,412] INFO [ThrottledChannelReaper-Request]: Shutdown completed (kafka.server.ClientQuotaManager$ThrottledChannelReaper)
[2025-04-11 11:53:01,413] INFO [ThrottledChannelReaper-ControllerMutation]: Shutting down (kafka.server.ClientQuotaManager$ThrottledChannelReaper)
[2025-04-11 11:53:01,414] INFO [ThrottledChannelReaper-ControllerMutation]: Stopped (kafka.server.ClientQuotaManager$ThrottledChannelReaper)
[2025-04-11 11:53:01,414] INFO [ThrottledChannelReaper-ControllerMutation]: Shutdown completed (kafka.server.ClientQuotaManager$ThrottledChannelReaper)
[2025-04-11 11:53:01,418] INFO [SocketServer listenerType=ZK_BROKER, nodeId=0] Shutting down socket server (kafka.network.SocketServer)
[2025-04-11 11:53:01,471] INFO [SocketServer listenerType=ZK_BROKER, nodeId=0] Shutdown completed (kafka.network.SocketServer)
[2025-04-11 11:53:01,474] INFO Metrics scheduler closed (org.apache.kafka.common.metrics.Metrics)
[2025-04-11 11:53:01,475] INFO Closing reporter org.apache.kafka.common.metrics.JmxReporter (org.apache.kafka.common.metrics.Metrics)
[2025-04-11 11:53:01,476] INFO Metrics reporters closed (org.apache.kafka.common.metrics.Metrics)
[2025-04-11 11:53:01,479] INFO Broker and topic stats closed (kafka.server.BrokerTopicStats)
[2025-04-11 11:53:01,481] INFO App info kafka.server for 0 unregistered (org.apache.kafka.common.utils.AppInfoParser)
[2025-04-11 11:53:01,482] INFO [KafkaServer id=0] shut down completed (kafka.server.KafkaServer)
